 {sel(0,3),sel(1,3),sel(2,3),sel(3,3),sel(4,3),sel(5,3),sel2(0,1),sel2(1,1),sel2(2,1),sel2(3,1),sel2(4,1),sel2(5,1)}