{sel(c),sel(e)}
{sel(e)}
{sel(e),sel(g)}
{sel(d),sel(e)}
{sel(e),sel(f)}
{sel(c)}
{sel(c),sel(g)}
{}
{sel(g)}
{sel(d)}
{sel(d),sel(g)}
{sel(c),sel(d)}
{sel(c),sel(f)}
{sel(f)}
{sel(f),sel(g)}
{sel(d),sel(f)}
{sel(b),sel(c)}
{sel(b)}
{sel(b),sel(f)}
{sel(b),sel(g)}
{sel(b),sel(d)}
{sel(b),sel(e)}
{sel(a),sel(b)}
{sel(a),sel(g)}
{sel(a),sel(d)}
{sel(a),sel(c)}
{sel(a)}
{sel(a),sel(e)}
{sel(a),sel(f)}
